
> posthog-nextjs@0.1.0 build
> next build

▲ Next.js 16.1.6 (Turbopack)
- Environments: .env.local

  Creating an optimized production build ...
✓ Compiled successfully in 17.4s
  Running TypeScript ...
It looks like you're trying to use TypeScript but do not have the required package(s) installed.
Installing dependencies

If you are not trying to use TypeScript, please remove the tsconfig.json file from your package root (and any TypeScript files in your app and pages directories).


Installing devDependencies (npm):
- typescript
- @types/react
- @types/node

npm warn deprecated @cloudflare/next-on-pages@1.13.16: Please use the OpenNext adapter instead: https://opennext.js.org/cloudflare
npm warn deprecated react-instantsearch-hooks-web@6.47.3: package has moved to react-instantsearch

added 69 packages, and audited 793 packages in 2m

284 packages are looking for funding
  run `npm fund` for details

9 vulnerabilities (1 low, 4 moderate, 4 high)

To address issues that do not require attention, run:
  npm audit fix

To address all issues possible (including breaking changes), run:
  npm audit fix --force

Some issues need review, and may require choosing
a different dependency.

Run `npm audit` for details.

Failed to compile.

./components/PostLayout/Menu.tsx:5:36
Type error: Could not find a declaration file for module 'react-scroll'. 'D:/all works/bb/posthog-nextjs/node_modules/react-scroll/modules/index.js' implicitly has an 'any' type.
  Try `npm i --save-dev @types/react-scroll` if it exists or add a new declaration (.d.ts) file containing `declare module 'react-scroll';`

[0m [90m 3 |[39m [36mimport[39m [33mReact[39m[33m,[39m { useEffect[33m,[39m useState } [36mfrom[39m [32m'react'[39m
 [90m 4 |[39m [36mimport[39m [33mLink[39m [36mfrom[39m [32m'components/Link'[39m
[31m[1m>[22m[39m[90m 5 |[39m [36mimport[39m { [33mLink[39m [36mas[39m [33mScrollLink[39m } [36mfrom[39m [32m'react-scroll'[39m
 [90m   |[39m                                    [31m[1m^[22m[39m
 [90m 6 |[39m [36mimport[39m { [33mAnimatePresence[39m[33m,[39m motion } [36mfrom[39m [32m'framer-motion'[39m
 [90m 7 |[39m [36mimport[39m [33m*[39m [36mas[39m [33mNotProductIcons[39m [36mfrom[39m [32m'../NotProductIcons'[39m
 [90m 8 |[39m [36mimport[39m [33m*[39m [36mas[39m [33mNewIcons[39m [36mfrom[39m [32m'@posthog/icons'[39m[0m
Next.js build worker exited with code: 1 and signal: null
